[    0.000000] Linux version 4.15.0-212-generic (buildd@lcy02-amd64-083) (gcc version 7.5.0 (Ubuntu 7.5.0-3ubuntu1~18.04)) #223-Ubuntu SMP Tue May 23 13:09:22 UTC 2023 (Ubuntu 4.15.0-212.223-generic 4.15.18)
[    0.000000] Command line: BOOT_IMAGE=/boot/vmlinuz-4.15.0-212-generic root=LABEL=cloudimg-rootfs ro console=tty1 console=ttyS0
[    0.000000] KERNEL supported cpus:
[    0.000000]   Intel GenuineIntel
[    0.000000]   AMD AuthenticAMD
[    0.000000]   Centaur CentaurHauls
[    0.000000] x86/fpu: Supporting XSAVE feature 0x001: 'x87 floating point registers'
[    0.000000] x86/fpu: Supporting XSAVE feature 0x002: 'SSE registers'
[    0.000000] x86/fpu: Supporting XSAVE feature 0x004: 'AVX registers'
[    0.000000] x86/fpu: xstate_offset[2]:  576, xstate_sizes[2]:  256
[    0.000000] x86/fpu: Enabled xstate features 0x7, context size is 832 bytes, using 'standard' format.
[    0.000000] e820: BIOS-provided physical RAM map:
[    0.000000] BIOS-e820: [mem 0x0000000000000000-0x000000000009fbff] usable
[    0.000000] BIOS-e820: [mem 0x000000000009fc00-0x000000000009ffff] reserved
[    0.000000] BIOS-e820: [mem 0x00000000000f0000-0x00000000000fffff] reserved
[    0.000000] BIOS-e820: [mem 0x0000000000100000-0x000000003ffeffff] usable
[    0.000000] BIOS-e820: [mem 0x000000003fff0000-0x000000003fffffff] ACPI data
[    0.000000] BIOS-e820: [mem 0x00000000fec00000-0x00000000fec00fff] reserved
[    0.000000] BIOS-e820: [mem 0x00000000fee00000-0x00000000fee00fff] reserved
[    0.000000] BIOS-e820: [mem 0x00000000fffc0000-0x00000000ffffffff] reserved
[    0.000000] NX (Execute Disable) protection: active
[    0.000000] SMBIOS 2.5 present.
[    0.000000] DMI: innotek GmbH VirtualBox/VirtualBox, BIOS VirtualBox 12/01/2006
[    0.000000] Hypervisor detected: KVM
[    0.000000] e820: last_pfn = 0x3fff0 max_arch_pfn = 0x400000000
[    0.000000] MTRR: Disabled
[    0.000000] x86/PAT: MTRRs disabled, skipping PAT initialization too.
[    0.000000] CPU MTRRs all blank - virtualized system.
[    0.000000] x86/PAT: Configuration [0-7]: WB  WT  UC- UC  WB  WT  UC- UC  
[    0.000000] found SMP MP-table at [mem 0x0009fff0-0x0009ffff]
[    0.000000] Scanning 1 areas for low memory corruption
[    0.000000] RAMDISK: [mem 0x359cb000-0x36cdcfff]
[    0.000000] ACPI: Early table checksum verification disabled
[    0.000000] ACPI: RSDP 0x00000000000E0000 000024 (v02 VBOX  )
[    0.000000] ACPI: XSDT 0x000000003FFF0030 00003C (v01 VBOX   VBOXXSDT 00000001 ASL  00000061)
[    0.000000] ACPI: FACP 0x000000003FFF00F0 0000F4 (v04 VBOX   VBOXFACP 00000001 ASL  00000061)
[    0.000000] ACPI: DSDT 0x000000003FFF0610 002353 (v02 VBOX   VBOXBIOS 00000002 INTL 20230628)
[    0.000000] ACPI: FACS 0x000000003FFF0200 000040
[    0.000000] ACPI: FACS 0x000000003FFF0200 000040
[    0.000000] ACPI: APIC 0x000000003FFF0240 00005C (v02 VBOX   VBOXAPIC 00000001 ASL  00000061)
[    0.000000] ACPI: SSDT 0x000000003FFF02A0 00036C (v01 VBOX   VBOXCPUT 00000002 INTL 20230628)
[    0.000000] ACPI: Reserving FACP table memory at [mem 0x3fff00f0-0x3fff01e3]
[    0.000000] ACPI: Reserving DSDT table memory at [mem 0x3fff0610-0x3fff2962]
[    0.000000] ACPI: Reserving FACS table memory at [mem 0x3fff0200-0x3fff023f]
[    0.000000] ACPI: Reserving FACS table memory at [mem 0x3fff0200-0x3fff023f]
[    0.000000] ACPI: Reserving APIC table memory at [mem 0x3fff0240-0x3fff029b]
[    0.000000] ACPI: Reserving SSDT table memory at [mem 0x3fff02a0-0x3fff060b]
[    0.000000] No NUMA configuration found
[    0.000000] Faking a node at [mem 0x0000000000000000-0x000000003ffeffff]
[    0.000000] NODE_DATA(0) allocated [mem 0x3ffc5000-0x3ffeffff]
[    0.000000] kvm-clock: cpu 0, msr 0:3ff44001, primary cpu clock
[    0.000000] kvm-clock: Using msrs 4b564d01 and 4b564d00
[    0.000000] kvm-clock: using sched offset of 3201872415 cycles
[    0.000000] clocksource: kvm-clock: mask: 0xffffffffffffffff max_cycles: 0x1cd42e4dffb, max_idle_ns: 881590591483 ns
[    0.000000] Zone ranges:
[    0.000000]   DMA      [mem 0x0000000000001000-0x0000000000ffffff]
[    0.000000]   DMA32    [mem 0x0000000001000000-0x000000003ffeffff]
[    0.000000]   Normal   empty
[    0.000000]   Device   empty
[    0.000000] Movable zone start for each node
[    0.000000] Early memory node ranges
[    0.000000]   node   0: [mem 0x0000000000001000-0x000000000009efff]
[    0.000000]   node   0: [mem 0x0000000000100000-0x000000003ffeffff]
[    0.000000] Reserved but unavailable: 104 pages
[    0.000000] Initmem setup node 0 [mem 0x0000000000001000-0x000000003ffeffff]
[    0.000000] ACPI: PM-Timer IO Port: 0x4008
[    0.000000] IOAPIC[0]: apic_id 2, version 32, address 0xfec00000, GSI 0-23
[    0.000000] ACPI: INT_SRC_OVR (bus 0 bus_irq 0 global_irq 2 dfl dfl)
[    0.000000] ACPI: INT_SRC_OVR (bus 0 bus_irq 9 global_irq 9 low level)
[    0.000000] Using ACPI (MADT) for SMP configuration information
[    0.000000] smpboot: Allowing 2 CPUs, 0 hotplug CPUs
[    0.000000] PM: Registered nosave memory: [mem 0x00000000-0x00000fff]
[    0.000000] PM: Registered nosave memory: [mem 0x0009f000-0x0009ffff]
[    0.000000] PM: Registered nosave memory: [mem 0x000a0000-0x000effff]
[    0.000000] PM: Registered nosave memory: [mem 0x000f0000-0x000fffff]
[    0.000000] e820: [mem 0x40000000-0xfebfffff] available for PCI devices
[    0.000000] Booting paravirtualized kernel on KVM
[    0.000000] clocksource: refined-jiffies: mask: 0xffffffff max_cycles: 0xffffffff, max_idle_ns: 7645519600211568 ns
[    0.000000] setup_percpu: NR_CPUS:8192 nr_cpumask_bits:2 nr_cpu_ids:2 nr_node_ids:1
[    0.000000] percpu: Embedded 50 pages/cpu s167936 r8192 d28672 u1048576
[    0.000000] PV qspinlock hash table entries: 256 (order: 0, 4096 bytes)
[    0.000000] Built 1 zonelists, mobility grouping on.  Total pages: 257913
[    0.000000] Policy zone: DMA32
[    0.000000] Kernel command line: BOOT_IMAGE=/boot/vmlinuz-4.15.0-212-generic root=LABEL=cloudimg-rootfs ro console=tty1 console=ttyS0
[    0.000000] Memory: 982644K/1048120K available (12300K kernel code, 2477K rwdata, 4324K rodata, 2480K init, 2720K bss, 65476K reserved, 0K cma-reserved)
[    0.000000] SLUB: HWalign=64, Order=0-3, MinObjects=0, CPUs=2, Nodes=1
[    0.000000] Kernel/User page tables isolation: enabled
[    0.000000] ftrace: allocating 39508 entries in 155 pages
[    0.004000] Hierarchical RCU implementation.
[    0.004000] 	RCU restricting CPUs from NR_CPUS=8192 to nr_cpu_ids=2.
[    0.004000] 	Tasks RCU enabled.
[    0.004000] RCU: Adjusting geometry for rcu_fanout_leaf=16, nr_cpu_ids=2
[    0.004000] NR_IRQS: 524544, nr_irqs: 440, preallocated irqs: 16
[    0.004000] random: crng init done
[    0.004000] Console: colour VGA+ 80x25
[    0.004000] console [tty1] enabled
[    0.004000] console [ttyS0] enabled
[    0.004000] ACPI: Core revision 20170831
[    0.004000] ACPI: 2 ACPI AML tables successfully acquired and loaded
[    0.004000] APIC: Switch to symmetric I/O mode setup
[    0.004000] x2apic enabled
[    0.004000] Switched APIC routing to physical x2apic.
[    0.004000] ..TIMER: vector=0x30 apic1=0 pin1=2 apic2=-1 pin2=-1
[    0.004000] tsc: Detected 2394.444 MHz processor
[    0.004000] Calibrating delay loop (skipped) preset value.. 4788.88 BogoMIPS (lpj=9577776)
[    0.004000] pid_max: default: 32768 minimum: 301
[    0.004000] Security Framework initialized
[    0.004000] Yama: becoming mindful.
[    0.004000] AppArmor: AppArmor initialized
[    0.004000] Dentry cache hash table entries: 131072 (order: 8, 1048576 bytes)
[    0.004000] Inode-cache hash table entries: 65536 (order: 7, 524288 bytes)
[    0.004000] Mount-cache hash table entries: 2048 (order: 2, 16384 bytes)
[    0.004000] Mountpoint-cache hash table entries: 2048 (order: 2, 16384 bytes)
[    0.004000] Last level iTLB entries: 4KB 1024, 2MB 1024, 4MB 1024
[    0.004000] Last level dTLB entries: 4KB 1024, 2MB 1024, 4MB 1024, 1GB 4
[    0.004000] Spectre V1 : Mitigation: usercopy/swapgs barriers and __user pointer sanitization
[    0.004000] Spectre V2 : Mitigation: Retpolines
[    0.004000] Spectre V2 : Spectre v2 / SpectreRSB mitigation: Filling RSB on context switch
[    0.004000] Spectre V2 : Spectre v2 / SpectreRSB : Filling RSB on VMEXIT
[    0.004000] Speculative Store Bypass: Vulnerable
[    0.004000] MDS: Mitigation: Clear CPU buffers
[    0.004000] MMIO Stale Data: Unknown: No mitigations
[    0.004000] SRBDS: Unknown: Dependent on hypervisor status
[    0.004000] Freeing SMP alternatives memory: 36K
[    0.120728] APIC calibration not consistent with PM-Timer: 104ms instead of 100ms
[    0.121864] APIC delta adjusted to PM-Timer: 6485337 (6795967)
[    0.122724] smpboot: CPU0: Intel(R) Core(TM) i7-4700MQ CPU @ 2.40GHz (family: 0x6, model: 0x3c, stepping: 0x3)
[    0.124000] Performance Events: unsupported p6 CPU model 60 no PMU driver, software events only.
[    0.124000] Hierarchical SRCU implementation.
[    0.124000] NMI watchdog: Perf event create on CPU 0 failed with -2
[    0.124001] NMI watchdog: Perf NMI watchdog permanently disabled
[    0.124826] smp: Bringing up secondary CPUs ...
[    0.125541] x86: Booting SMP configuration:
[    0.126139] .... node  #0, CPUs:      #1
[    0.004000] kvm-clock: cpu 1, msr 0:3ff44041, secondary cpu clock
[    0.128021] smp: Brought up 1 node, 2 CPUs
[    0.128704] smpboot: Max logical packages: 1
[    0.129272] smpboot: Total of 2 processors activated (9577.77 BogoMIPS)
[    0.132048] devtmpfs: initialized
[    0.132623] x86/mm: Memory block size: 128MB
[    0.133444] evm: security.selinux
[    0.133979] evm: security.SMACK64
[    0.134544] evm: security.SMACK64EXEC
[    0.135166] evm: security.SMACK64TRANSMUTE
[    0.135801] evm: security.SMACK64MMAP
[    0.136003] evm: security.apparmor
[    0.136546] evm: security.ima
[    0.136989] evm: security.capability
[    0.137528] clocksource: jiffies: mask: 0xffffffff max_cycles: 0xffffffff, max_idle_ns: 7645041785100000 ns
[    0.137528] futex hash table entries: 512 (order: 3, 32768 bytes)
[    0.140039] pinctrl core: initialized pinctrl subsystem
[    0.141840] RTC time:  3:14:47, date: 12/01/24
[    0.142654] NET: Registered protocol family 16
[    0.143395] audit: initializing netlink subsys (disabled)
[    0.144018] audit: type=2000 audit(1733022892.249:1): state=initialized audit_enabled=0 res=1
[    0.145489] cpuidle: using governor ladder
[    0.145489] cpuidle: using governor menu
[    0.145489] ACPI: bus type PCI registered
[    0.145797] acpiphp: ACPI Hot Plug PCI Controller Driver version: 0.5
[    0.148073] PCI: Using configuration type 1 for base access
[    0.148890] HugeTLB registered 2.00 MiB page size, pre-allocated 0 pages
[    0.149006] ACPI: Added _OSI(Module Device)
[    0.149006] ACPI: Added _OSI(Processor Device)
[    0.152006] ACPI: Added _OSI(3.0 _SCP Extensions)
[    0.152686] ACPI: Added _OSI(Processor Aggregator Device)
[    0.153476] ACPI: Added _OSI(Linux-Dell-Video)
[    0.154110] ACPI: Added _OSI(Linux-Lenovo-NV-HDMI-Audio)
[    0.154881] ACPI: Added _OSI(Linux-HPI-Hybrid-Graphics)
[    0.155839] ACPI: Executed 1 blocks of module-level executable AML code
[    0.158750] ACPI: Interpreter enabled
[    0.160012] ACPI: (supports S0 S5)
[    0.160544] ACPI: Using IOAPIC for interrupt routing
[    0.161461] PCI: Using host bridge windows from ACPI; if necessary, use "pci=nocrs" and report a bug
[    0.162776] ACPI: Enabled 2 GPEs in block 00 to 07
[    0.168000] ACPI: PCI Root Bridge [PCI0] (domain 0000 [bus 00-ff])
[    0.168006] acpi PNP0A03:00: _OSC: OS supports [ASPM ClockPM Segments MSI]
[    0.169337] acpi PNP0A03:00: _OSC: not requesting OS control; OS requires [ExtendedConfig ASPM ClockPM MSI]
[    0.170748] acpi PNP0A03:00: fail to add MMCONFIG information, can't access extended PCI configuration space under this bridge.
[    0.172374] PCI host bridge to bus 0000:00
[    0.173738] pci_bus 0000:00: root bus resource [io  0x0000-0x0cf7 window]
[    0.176003] pci_bus 0000:00: root bus resource [io  0x0d00-0xffff window]
[    0.177173] pci_bus 0000:00: root bus resource [mem 0x000a0000-0x000bffff window]
[    0.178456] pci_bus 0000:00: root bus resource [mem 0x40000000-0xfdffffff window]
[    0.179710] pci_bus 0000:00: root bus resource [bus 00-ff]
[    0.181459] pci 0000:00:01.1: legacy IDE quirk: reg 0x10: [io  0x01f0-0x01f7]
[    0.182793] pci 0000:00:01.1: legacy IDE quirk: reg 0x14: [io  0x03f6]
[    0.184003] pci 0000:00:01.1: legacy IDE quirk: reg 0x18: [io  0x0170-0x0177]
[    0.185189] pci 0000:00:01.1: legacy IDE quirk: reg 0x1c: [io  0x0376]
[    0.199852] pci 0000:00:07.0: quirk: [io  0x4000-0x403f] claimed by PIIX4 ACPI
[    0.200019] pci 0000:00:07.0: quirk: [io  0x4100-0x410f] claimed by PIIX4 SMB
[    0.210340] ACPI: PCI Interrupt Link [LNKA] (IRQs 5 9 10 *11)
[    0.211461] ACPI: PCI Interrupt Link [LNKB] (IRQs 5 9 *10 11)
[    0.212100] ACPI: PCI Interrupt Link [LNKC] (IRQs 5 *9 10 11)
[    0.212978] ACPI: PCI Interrupt Link [LNKD] (IRQs 5 9 10 *11)
[    0.214063] SCSI subsystem initialized
[    0.214690] pci 0000:00:02.0: vgaarb: setting as boot VGA device
[    0.214690] pci 0000:00:02.0: vgaarb: VGA device added: decodes=io+mem,owns=io+mem,locks=none
[    0.216012] pci 0000:00:02.0: vgaarb: bridge control possible
[    0.216780] vgaarb: loaded
[    0.217273] ACPI: bus type USB registered
[    0.217896] usbcore: registered new interface driver usbfs
[    0.218701] usbcore: registered new interface driver hub
[    0.220015] usbcore: registered new device driver usb
[    0.220754] EDAC MC: Ver: 3.0.0
[    0.220754] PCI: Using ACPI for IRQ routing
[    0.220898] NetLabel: Initializing
[    0.221450] NetLabel:  domain hash size = 128
[    0.224006] NetLabel:  protocols = UNLABELED CIPSOv4 CALIPSO
[    0.224812] NetLabel:  unlabeled traffic allowed by default
[    0.225589] clocksource: Switched to clocksource kvm-clock
[    0.232114] VFS: Disk quotas dquot_6.6.0
[    0.232114] VFS: Dquot-cache hash table entries: 512 (order 0, 4096 bytes)
[    0.232114] AppArmor: AppArmor Filesystem Enabled
[    0.232114] pnp: PnP ACPI init
[    0.232114] pnp: PnP ACPI: found 3 devices
[    0.247410] clocksource: acpi_pm: mask: 0xffffff max_cycles: 0xffffff, max_idle_ns: 2085701024 ns
[    0.248413] NET: Registered protocol family 2
[    0.248413] IP idents hash table entries: 16384 (order: 5, 131072 bytes)
[    0.251146] TCP established hash table entries: 8192 (order: 4, 65536 bytes)
[    0.252138] TCP bind hash table entries: 8192 (order: 5, 131072 bytes)
[    0.252997] TCP: Hash tables configured (established 8192 bind 8192)
[    0.253856] UDP hash table entries: 512 (order: 2, 16384 bytes)
[    0.254640] UDP-Lite hash table entries: 512 (order: 2, 16384 bytes)
[    0.255488] NET: Registered protocol family 1
[    0.256092] pci 0000:00:00.0: Limiting direct PCI/PCI transfers
[    0.256121] pci 0000:00:01.0: Activating ISA DMA hang workarounds
[    0.256121] pci 0000:00:02.0: Video device with shadowed ROM at [mem 0x000c0000-0x000dffff]
[    0.256121] Unpacking initramfs...
[    0.256121] Freeing initrd memory: 19528K
[    0.256121] clocksource: tsc: mask: 0xffffffffffffffff max_cycles: 0x2283b729bc7, max_idle_ns: 440795325667 ns
[    0.256121] platform rtc_cmos: registered platform RTC device (no PNP device found)
[    0.256121] Scanning for low memory corruption every 60 seconds
[    0.515406] Initialise system trusted keyrings
[    0.516065] Key type blacklist registered
[    0.516674] workingset: timestamp_bits=36 max_order=18 bucket_order=0
[    0.518345] zbud: loaded
[    0.519239] squashfs: version 4.0 (2009/01/31) Phillip Lougher
[    0.520206] fuse init (API version 7.26)
[    0.522397] Key type asymmetric registered
[    0.523016] Asymmetric key parser 'x509' registered
[    0.523748] Block layer SCSI generic (bsg) driver version 0.4 loaded (major 246)
[    0.524937] io scheduler noop registered
[    0.525531] io scheduler deadline registered
[    0.526183] io scheduler cfq registered (default)
[    0.527109] ACPI: AC Adapter [AC] (off-line)
[    0.527772] input: Power Button as /devices/LNXSYSTM:00/LNXPWRBN:00/input/input0
[    0.528874] ACPI: Power Button [PWRF]
[    0.529504] input: Sleep Button as /devices/LNXSYSTM:00/LNXSLPBN:00/input/input1
[    0.530594] ACPI: Sleep Button [SLPF]
[    0.531927] ACPI: Battery Slot [BAT0] (battery present)
[    0.532324] Serial: 8250/16550 driver, 32 ports, IRQ sharing enabled
[    0.554290] 00:02: ttyS0 at I/O 0x3f8 (irq = 4, base_baud = 115200) is a 16550A
[    0.556753] Linux agpgart interface v0.103
[    0.560873] loop: module loaded
[    0.562199] scsi host0: ata_piix
[    0.563165] scsi host1: ata_piix
[    0.563983] ata1: PATA max UDMA/33 cmd 0x1f0 ctl 0x3f6 bmdma 0xd000 irq 14
[    0.565448] ata2: PATA max UDMA/33 cmd 0x170 ctl 0x376 bmdma 0xd008 irq 15
[    0.566915] tun: Universal TUN/TAP device driver, 1.6
[    0.568087] PPP generic driver version 2.4.2
[    0.569209] ehci_hcd: USB 2.0 'Enhanced' Host Controller (EHCI) Driver
[    0.570716] ehci-pci: EHCI PCI platform driver
[    0.571840] ehci-platform: EHCI generic platform driver
[    0.573171] ohci_hcd: USB 1.1 'Open' Host Controller (OHCI) Driver
[    0.574626] ohci-pci: OHCI PCI platform driver
[    0.575763] ohci-platform: OHCI generic platform driver
[    0.577028] uhci_hcd: USB Universal Host Controller Interface driver
[    0.578487] i8042: PNP: PS/2 Controller [PNP0303:PS2K,PNP0f03:PS2M] at 0x60,0x64 irq 1,12
[    0.580850] serio: i8042 KBD port at 0x60,0x64 irq 1
[    0.582067] serio: i8042 AUX port at 0x60,0x64 irq 12
[    0.583267] mousedev: PS/2 mouse device common for all mice
[    0.584750] input: AT Translated Set 2 keyboard as /devices/platform/i8042/serio0/input/input2
[    0.586894] rtc_cmos rtc_cmos: rtc core: registered rtc_cmos as rtc0
[    0.588316] rtc_cmos rtc_cmos: alarms up to one day, 114 bytes nvram
[    0.589662] i2c /dev entries driver
[    0.590478] device-mapper: uevent: version 1.0.3
[    0.591505] device-mapper: ioctl: 4.37.0-ioctl (2017-09-20) initialised: dm-devel@redhat.com
[    0.593324] ledtrig-cpu: registered to indicate activity on CPUs
[    0.594964] NET: Registered protocol family 10
[    0.599531] Segment Routing with IPv6
[    0.600565] NET: Registered protocol family 17
[    0.601665] Key type dns_resolver registered
[    0.602745] mce: Using 0 MCE banks
[    0.603506] RAS: Correctable Errors collector initialized.
[    0.604658] sched_clock: Marking stable (604626925, 0)->(739110259, -134483334)
[    0.606440] registered taskstats version 1
[    0.607361] Loading compiled-in X.509 certificates
[    0.610953] Loaded X.509 cert 'Build time autogenerated kernel key: b5b26778eaa3ab3a4a6cee031137706e947d12ad'
[    0.613594] Loaded X.509 cert 'Canonical Ltd. Live Patch Signing: 14df34d1a87cf37625abec039ef2bf521249b969'
[    0.616116] Loaded X.509 cert 'Canonical Ltd. Kernel Module Signing: 88f752e560a1e0737e31163a466ad7b70a850c19'
[    0.618137] blacklist: Loading compiled-in revocation X.509 certificates
[    0.619491] Loaded X.509 cert 'Canonical Ltd. Secure Boot Signing: 61482aa2830d0ab2ad5af10b7250da9033ddcef0'
[    0.621357] Loaded X.509 cert 'Canonical Ltd. Secure Boot Signing (2017): 242ade75ac4a15e50d50c84b0d45ff3eae707a03'
[    0.623275] Loaded X.509 cert 'Canonical Ltd. Secure Boot Signing (ESM 2018): 365188c1d374d6b07c3c8f240f8ef722433d6a8b'
[    0.625224] Loaded X.509 cert 'Canonical Ltd. Secure Boot Signing (2019): c0746fd6c5da3ae827864651ad66ae47fe24b3e8'
[    0.627093] Loaded X.509 cert 'Canonical Ltd. Secure Boot Signing (2021 v1): a8d54bbb3825cfb94fa13c9f8a594a195c107b8d'
[    0.628987] Loaded X.509 cert 'Canonical Ltd. Secure Boot Signing (2021 v2): 4cf046892d6fd3c9a5b03f98d845f90851dc6a8c'
[    0.630845] Loaded X.509 cert 'Canonical Ltd. Secure Boot Signing (2021 v3): 100437bb6de6e469b581e61cd66bce3ef4ed53af'
[    0.632702] Loaded X.509 cert 'Canonical Ltd. Secure Boot Signing (Ubuntu Core 2019): c1d57b8f6b743f23ee41f4f7ee292f06eecadfb9'
[    0.634742] zswap: loaded using pool lzo/zbud
[    0.638629] Key type big_key registered
[    0.639430] Key type trusted registered
[    0.641916] Key type encrypted registered
[    0.642872] AppArmor: AppArmor sha1 policy hashing enabled
[    0.643953] ima: No TPM chip found, activating TPM-bypass! (rc=-19)
[    0.645134] ima: Allocated hash algorithm: sha1
[    0.646027] evm: HMAC attrs: 0x1
[    0.646880]   Magic number: 4:594:208
[    0.647651] vc vcsa: hash matches
[    0.648267] pci 0000:00:08.0: hash matches
[    0.649124] rtc_cmos rtc_cmos: setting system clock to 2024-12-01 03:14:47 UTC (1733022887)
[    0.650716] BIOS EDD facility v0.16 2004-Jun-25, 0 devices found
[    0.651781] EDD information not available.
[    0.752210] Freeing unused kernel image memory: 2480K
[    0.764386] Write protecting the kernel read-only data: 20480k
[    0.767047] Freeing unused kernel image memory: 2008K
[    0.769517] Freeing unused kernel image memory: 1820K
[    0.782328] x86/mm: Checked W+X mappings: passed, no W+X pages found.
[    0.784395] x86/mm: Checking user space page tables
[    0.794537] x86/mm: Checked W+X mappings: passed, no W+X pages found.
Loading, please wait...
starting version 237
[    0.891736] e1000: Intel(R) PRO/1000 Network Driver - version 7.3.21-k8-NAPI
[    0.893280] e1000: Copyright (c) 1999-2006 Intel Corporation.
[    0.906387] Fusion MPT base driver 3.04.20
[    0.907294] Copyright (c) 1999-2008 LSI Corporation
[    0.920448] AVX2 version of gcm_enc/dec engaged.
[    0.921723] AES CTR mode by8 optimization enabled
[    0.922704] Fusion MPT SPI Host driver 3.04.20
[    1.124184] input: ImExPS/2 Generic Explorer Mouse as /devices/platform/i8042/serio1/input/input4
[    1.308469] e1000 0000:00:03.0 eth0: (PCI:33MHz:32-bit) 02:3b:7b:b7:3b:2d
[    1.309520] e1000 0000:00:03.0 eth0: Intel(R) PRO/1000 Network Connection
[    1.867893] e1000 0000:00:08.0 eth1: (PCI:33MHz:32-bit) 08:00:27:6a:bb:af
[    1.868908] e1000 0000:00:08.0 eth1: Intel(R) PRO/1000 Network Connection
[    1.870721] mptbase: ioc0: Initiating bringup
[    1.871078] e1000 0000:00:03.0 enp0s3: renamed from eth0
[    1.896489] e1000 0000:00:08.0 enp0s8: renamed from eth1
[    1.993318] ioc0: LSI53C1030 A0: Capabilities={Initiator}
[    2.238353] scsi host2: ioc0: LSI53C1030 A0, FwRev=00000000h, Ports=1, MaxQ=256, IRQ=20
[    2.405981] scsi 2:0:0:0: Direct-Access     VBOX     HARDDISK         1.0  PQ: 0 ANSI: 5
[    2.748465] scsi target2:0:0: Beginning Domain Validation
[    2.751496] scsi target2:0:0: Domain Validation skipping write tests
[    2.752887] scsi target2:0:0: Ending Domain Validation
[    2.754125] scsi target2:0:0: asynchronous
[    2.755591] scsi 2:0:1:0: Direct-Access     VBOX     HARDDISK         1.0  PQ: 0 ANSI: 5
[    3.596512] scsi target2:0:1: Beginning Domain Validation
[    3.603295] scsi target2:0:1: Domain Validation skipping write tests
[    3.606831] scsi target2:0:1: Ending Domain Validation
[    3.609677] scsi target2:0:1: asynchronous
[    3.625779] sd 2:0:0:0: Attached scsi generic sg0 type 0
[    3.630075] sd 2:0:0:0: [sda] 83886080 512-byte logical blocks: (42.9 GB/40.0 GiB)
[    3.631321] sd 2:0:1:0: [sdb] 20480 512-byte logical blocks: (10.5 MB/10.0 MiB)
[    3.640627] sd 2:0:0:0: [sda] Write Protect is off
[    3.641083] sd 2:0:1:0: Attached scsi generic sg1 type 0
[    3.648104] sd 2:0:1:0: [sdb] Write Protect is off
[    3.651114] sd 2:0:0:0: [sda] Incomplete mode parameter data
[    3.651321] sd 2:0:1:0: [sdb] Incomplete mode parameter data
[    3.654741] sd 2:0:0:0: [sda] Assuming drive cache: write through
[    3.658178] sd 2:0:1:0: [sdb] Assuming drive cache: write through
[    3.669502]  sda: sda1
[    3.670895] sd 2:0:1:0: [sdb] Attached SCSI disk
[    3.672171] sd 2:0:0:0: [sda] Attached SCSI disk
Begin: Loading essential drivers ... [    5.175884] raid6: sse2x1   gen() 14167 MB/s
[    5.224149] raid6: sse2x1   xor()  7753 MB/s
[    5.284609] raid6: sse2x2   gen() 16671 MB/s
[    5.340950] raid6: sse2x2   xor()  9600 MB/s
[    5.388077] raid6: sse2x4   gen() 14938 MB/s
[    5.448262] raid6: sse2x4   xor() 12136 MB/s
[    5.524384] raid6: avx2x1   gen() 26550 MB/s
[    5.584297] raid6: avx2x1   xor() 16995 MB/s
[    5.632610] raid6: avx2x2   gen() 24054 MB/s
[    5.680160] raid6: avx2x2   xor() 14997 MB/s
[    5.728730] raid6: avx2x4   gen() 27666 MB/s
[    5.776326] raid6: avx2x4   xor() 17862 MB/s
[    5.776985] raid6: using algorithm avx2x4 gen() 27666 MB/s
[    5.777708] raid6: .... xor() 17862 MB/s, rmw enabled
[    5.778457] raid6: using avx2x2 recovery algorithm
[    5.780191] xor: automatically using best checksumming function   avx       
[    5.782072] async_tx: api initialized (async)
done.
Begin: Running /scripts/init-premount ... done.
Begin: Mounting root file system ... Begin: Running /scripts/local-top ... done.
Begin: Running /scripts/local-premount ... [    5.823837] Btrfs loaded, crc32c=crc32c-intel
Scanning for Btrfs filesystems
done.
Warning: fsck not present, so skipping root file system
[    5.853375] EXT4-fs (sda1): mounted filesystem with ordered data mode. Opts: (null)
done.
Begin: Running /scripts/local-bottom ... done.
Begin: Running /scripts/init-bottom ... done.
[    6.035312] ip_tables: (C) 2000-2006 Netfilter Core Team
[    6.049937] systemd[1]: systemd 237 running in system mode. (+PAM +AUDIT +SELINUX +IMA +APPARMOR +SMACK +SYSVINIT +UTMP +LIBCRYPTSETUP +GCRYPT +GNUTLS +ACL +XZ +LZ4 +SECCOMP +BLKID +ELFUTILS +KMOD -IDN2 +IDN -PCRE2 default-hierarchy=hybrid)
[    6.053285] systemd[1]: Detected virtualization oracle.
[    6.054126] systemd[1]: Detected architecture x86-64.

Welcome to [1mUbuntu 18.04.6 LTS[0m!

[    6.059239] systemd[1]: Set hostname to <ubuntu>.
[    6.062206] systemd[1]: Initializing machine ID from random generator.
[    6.063759] systemd[1]: Installed transient /etc/machine-id file.
[    6.384592] systemd[1]: Reached target User and Group Name Lookups.
[[0;32m  OK  [0m] Reached target User and Group Name Lookups.
[    6.387114] systemd[1]: Set up automount Arbitrary Executable File Formats File System Automount Point.
[[0;32m  OK  [0m] Set up automount Arbitrary Executabâ€¦rmats File System Automount Point.
[    6.391127] systemd[1]: Reached target Mounting snaps.
[[0;32m  OK  [0m] Reached target Mounting snaps.
[    6.393113] systemd[1]: Reached target Swap.
[[0;32m  OK  [0m] Reached target Swap.
[[0;32m  OK  [0m] Reached target Mounted snaps.
[[0;32m  OK  [0m] Created slice User and Session Slice.
[[0;32m  OK  [0m] Started Forward Password Requests to Wall Directory Watch.
[[0;32m  OK  [0m] Reached target System Time Synchronized.
[[0;32m  OK  [0m] Created slice System Slice.
[[0;32m  OK  [0m] Listening on LVM2 metadata daemon socket.
[[0;32m  OK  [0m] Listening on Journal Socket.
[[0;32m  OK  [0m] Listening on /dev/initctl Compatibility Named Pipe.
[[0;32m  OK  [0m] Listening on Device-mapper event daemon FIFOs.
         Mounting POSIX Message Queue File System...
[[0;32m  OK  [0m] Listening on Journal Socket (/dev/log).
[[0;32m  OK  [0m] Created slice system-serial\x2dgetty.slice.
[[0;32m  OK  [0m] Listening on udev Control Socket.
[[0;32m  OK  [0m] Listening on Network Service Netlink Socket.
         Starting Uncomplicated firewall...
         Starting Set the console keyboard layout...
         Starting Load Kernel Modules...
         Starting Create list of required stâ€¦ce nodes for the current kernel...
         Mounting Kernel Debug File System...
[[0;32m  OK  [0m] Listening on fsck to fsckd communication Socket.
         Starting File System Check on Root Device...
[[0;32m  OK  [0m] Reached target Slices.
         Starting Monitoring of LVM2 mirrorsâ€¦ng dmeventd or progress polling...
         Mounting Huge Pages File System...
[[0;32m  OK  [0m] Listening on udev Kernel Socket.
         Starting udev Coldplug all Devices...
[[0;32m  OK  [0m] Listening on LVM2 poll daemon socket.
[[0;32m  OK  [0m] Listening on Syslog Socket.
[[0;32m  OK  [0m] Listening on Journal Audit Socket.
         Starting Journal Service...
[[0;32m  OK  [0m] Mounted POSIX Message Queue File System.
[[0;32m  OK  [0m] Started Uncomplicated firewall.
[[0;32m  OK  [0m] Started Create list of required staâ€¦vice nodes for the current kernel.
[[0;32m  OK  [0m] Mounted Kernel Debug File System.
[[0;32m  OK  [0m] Mounted Huge Pages File System.
[[0;32m  OK  [0m] Started File System Check Daemon to report status.
[[0;32m  OK  [0m] Started LVM2 metadata daemon.
         Starting Create Static Device Nodes in /dev...
[    6.732603] Loading iSCSI transport class v2.0-870.
[[0;32m  OK  [0m] Started udev Coldplug all Devices.
[[0;32m  OK  [0m] Started Journal Service.
[[0;32m  OK  [0m] Started File System Check on Root Device.
         Starting Remount Root and Kernel File Systems...
[[0;32m  OK  [0m] Started Create Static Device Nodes in /dev.
[    6.790054] iscsi: registered transport (tcp)
[    6.809097] iscsi: registered transport (iser)
[[0;32m  OK  [0m] Started Load Kernel Modules.
         Starting Apply Kernel Variables...
         Mounting FUSE Control File System...
         Mounting Kernel Configuration File System...
[[0;32m  OK  [0m] Mounted FUSE Control File System.
[[0;32m  OK  [0m] Mounted Kernel Configuration File System.
[[0;32m  OK  [0m] Started Remount Root and Kernel File Systems.
         Starting Flush Journal to Persistent Storage...
         Starting udev Kernel Device Manager...
         Starting Load/Save Random Seed...
[[0;32m  OK  [0m] Started Monitoring of LVM2 mirrors,â€¦sing dmeventd or progress polling.
[[0;32m  OK  [0m] Started Apply Kernel Variables.
[[0;32m  OK  [0m] Started Load/Save Random Seed.
[[0;32m  OK  [0m] Started udev Kernel Device Manager.
[[0;32m  OK  [0m] Started Flush Journal to Persistent Storage.
[[0;32m  OK  [0m] Found device /dev/ttyS0.
[[0;32m  OK  [0m] Listening on Load/Save RF Kill Switch Status /dev/rfkill Watch.
         Mounting Arbitrary Executable File Formats File System...
[[0;32m  OK  [0m] Mounted Arbitrary Executable File Formats File System.
[[0;32m  OK  [0m] Started Set the console keyboard layout.
[[0;32m  OK  [0m] Started Dispatch Password Requests to Console Directory Watch.
[[0;32m  OK  [0m] Reached target Local Encrypted Volumes.
[[0;32m  OK  [0m] Reached target Local File Systems (Pre).
[[0;32m  OK  [0m] Reached target Local File Systems.
         Starting Set console font and keymap...
         Starting Commit a transient machine-id on disk...
         Starting Create Volatile Files and Directories...
         Starting ebtables ruleset management...
         Starting AppArmor initialization...
         Starting Tell Plymouth To Write Out Runtime Data...
[[0;32m  OK  [0m] Started Create Volatile Files and Directories.
         Starting Update UTMP about System Boot/Shutdown...
[[0;32m  OK  [0m] Started Tell Plymouth To Write Out Runtime Data.
[[0;32m  OK  [0m] Started Update UTMP about System Boot/Shutdown.
[[0;32m  OK  [0m] Started Commit a transient machine-id on disk.
[[0;32m  OK  [0m] Started ebtables ruleset management.
[[0;32m  OK  [0m] Started AppArmor initialization.
         Starting Load AppArmor profiles managed internally by snapd...
         Starting Initial cloud-init job (pre-networking)...
[[0;32m  OK  [0m] Started Load AppArmor profiles managed internally by snapd.
[[0;32m  OK  [0m] Started Set console font and keymap.
[   10.078860] cloud-init[804]: Cloud-init v. 23.1.2-0ubuntu0~18.04.1 running 'init-local' at Sun, 01 Dec 2024 03:14:56 +0000. Up 9.70 seconds.
[[0;32m  OK  [0m] Started Initial cloud-init job (pre-networking).
[[0;32m  OK  [0m] Reached target Network (Pre).
         Starting Network Service...
[[0;32m  OK  [0m] Started Network Service.
         Starting Network Name Resolution...
         Starting Wait for Network to be Configured...
[[0;32m  OK  [0m] Started Network Name Resolution.
[[0;32m  OK  [0m] Reached target Network.
[[0;32m  OK  [0m] Reached target Host and Network Name Lookups.
[[0;32m  OK  [0m] Started Wait for Network to be Configured.
         Starting Initial cloud-init job (metadata service crawler)...
[   12.584571] cloud-init[988]: Cloud-init v. 23.1.2-0ubuntu0~18.04.1 running 'init' at Sun, 01 Dec 2024 03:14:59 +0000. Up 12.41 seconds.
[   12.586101] cloud-init[988]: ci-info: ++++++++++++++++++++++++++++++++++++++Net device info+++++++++++++++++++++++++++++++++++++++
[   12.587612] cloud-init[988]: ci-info: +--------+-------+----------------------------+---------------+--------+-------------------+
[   12.589060] cloud-init[988]: ci-info: | Device |   Up  |          Address           |      Mask     | Scope  |     Hw-Address    |
[   12.590524] cloud-init[988]: ci-info: +--------+-------+----------------------------+---------------+--------+-------------------+
[   12.591923] cloud-init[988]: ci-info: | enp0s3 |  True |         10.0.2.15          | 255.255.255.0 | global | 02:3b:7b:b7:3b:2d |
[   12.593292] cloud-init[988]: ci-info: | enp0s3 |  True | fe80::3b:7bff:feb7:3b2d/64 |       .       |  link  | 02:3b:7b:b7:3b:2d |
[   12.594772] cloud-init[988]: ci-info: | enp0s8 | False |             .              |       .       |   .    | 08:00:27:6a:bb:af |
[   12.596525] cloud-init[988]: ci-info: |   lo   |  True |         127.0.0.1          |   255.0.0.0   |  host  |         .         |
[   12.598108] cloud-init[988]: ci-info: |   lo   |  True |          ::1/128           |       .       |  host  |         .         |
[   12.599716] cloud-init[988]: ci-info: +--------+-------+----------------------------+---------------+--------+-------------------+
[   12.601365] cloud-init[988]: ci-info: ++++++++++++++++++++++++++++Route IPv4 info+++++++++++++++++++++++++++++
[   12.602746] cloud-init[988]: ci-info: +-------+-------------+----------+-----------------+-----------+-------+
[   12.604236] cloud-init[988]: ci-info: | Route | Destination | Gateway  |     Genmask     | Interface | Flags |
[   12.605723] cloud-init[988]: ci-info: +-------+-------------+----------+-----------------+-----------+-------+
[   12.616726] cloud-init[988]: ci-info: |   0   |   0.0.0.0   | 10.0.2.2 |     0.0.0.0     |   enp0s3  |   UG  |
[   12.618418] cloud-init[988]: ci-info: |   1   |   10.0.2.0  | 0.0.0.0  |  255.255.255.0  |   enp0s3  |   U   |
[   12.619704] cloud-init[988]: ci-info: |   2   |   10.0.2.2  | 0.0.0.0  | 255.255.255.255 |   enp0s3  |   UH  |
[   12.621050] cloud-init[988]: ci-info: +-------+-------------+----------+-----------------+-----------+-------+
[   12.622380] cloud-init[988]: ci-info: +++++++++++++++++++Route IPv6 info+++++++++++++++++++
[   12.623590] cloud-init[988]: ci-info: +-------+-------------+---------+-----------+-------+
[   12.624877] cloud-init[988]: ci-info: | Route | Destination | Gateway | Interface | Flags |
[   12.626148] cloud-init[988]: ci-info: +-------+-------------+---------+-----------+-------+
[   12.627019] cloud-init[988]: ci-info: |   1   |  fe80::/64  |    ::   |   enp0s3  |   U   |
[   12.628363] cloud-init[988]: ci-info: |   3   |    local    |    ::   |   enp0s3  |   U   |
[   12.630363] cloud-init[988]: ci-info: |   4   |   ff00::/8  |    ::   |   enp0s3  |   U   |
[   12.640595] cloud-init[988]: ci-info: +-------+-------------+---------+-----------+-------+
[   13.315539] cloud-init[988]: Generating public/private rsa key pair.
[   13.328970] cloud-init[988]: Your identification has been saved in /etc/ssh/ssh_host_rsa_key.
[   13.340464] cloud-init[988]: Your public key has been saved in /etc/ssh/ssh_host_rsa_key.pub.
[   13.341524] cloud-init[988]: The key fingerprint is:
[   13.343523] cloud-init[988]: SHA256:4aJWcblpIaIE+A7P588fuAWBu4xvWPlY3xprIszTOz8 root@ubuntu-bionic
[   13.356380] cloud-init[988]: The key's randomart image is:
[   13.357126] cloud-init[988]: +---[RSA 2048]----+
[   13.357742] cloud-init[988]: |o                |
[   13.358840] cloud-init[988]: |..   .   .       |
[   13.368616] cloud-init[988]: | .. o + =        |
[   13.369498] cloud-init[988]: |.... o * =       |
[   13.370573] cloud-init[988]: | =. ..+ S        |
[   13.371602] cloud-init[988]: |  +o++.=         |
[   13.372708] cloud-init[988]: |  .B==..+.       |
[   13.373388] cloud-init[988]: |  .oO.=oE+.      |
[   13.374132] cloud-init[988]: |   ..+=B=o       |
[   13.375238] cloud-init[988]: +----[SHA256]-----+
[   13.375829] cloud-init[988]: Generating public/private dsa key pair.
[   13.376946] cloud-init[988]: Your identification has been saved in /etc/ssh/ssh_host_dsa_key.
[   13.378327] cloud-init[988]: Your public key has been saved in /etc/ssh/ssh_host_dsa_key.pub.
[   13.379452] cloud-init[988]: The key fingerprint is:
[   13.380246] cloud-init[988]: SHA256:2vnSoE1RFtSuUHxWSr4MrCNXLgUw1zEXyFTSTN7pJmU root@ubuntu-bionic
[   13.381597] cloud-init[988]: The key's randomart image is:
[   13.382406] cloud-init[988]: +---[DSA 1024]----+
[   13.392503] cloud-init[988]: |      o.o*BX*o.  |
[   13.393395] cloud-init[988]: |       o oOB*o . |
[   13.394236] cloud-init[988]: |         +=++ E  |
[   13.394958] cloud-init[988]: |        o= o.=   |
[   13.404653] cloud-init[988]: |      . So..+ o  |
[   13.416688] cloud-init[988]: |       =o+.  o   |
[   13.417491] cloud-init[988]: |      .+oo       |
[   13.418261] cloud-init[988]: |      . o..      |
[   13.419068] cloud-init[988]: |         ..      |
[   13.419697] cloud-init[988]: +----[SHA256]-----+
[   13.420404] cloud-init[988]: Generating public/private ecdsa key pair.
[   13.421277] cloud-init[988]: Your identification has been saved in /etc/ssh/ssh_host_ecdsa_key.
[   13.422434] cloud-init[988]: Your public key has been saved in /etc/ssh/ssh_host_ecdsa_key.pub.
[   13.423448] cloud-init[988]: The key fingerprint is:
[   13.432865] cloud-init[988]: SHA256:u5g3Y2aJizVJ/QFaly/xj4b3RQjf1j6ZUgDKeCP4n30 root@ubuntu-bionic
[   13.434154] cloud-init[988]: The key's randomart image is:
[[0;32m  OK  [0m[   13.444777] ] cloud-initStarted Initial cloud-init job (metadata service crawler).[988]: 
+---[ECDSA 256]---+
[   13.445907] cloud-init[988]: |           .     |
[   13.446523] cloud-init[988]: |      . o ...    |
[   13.446639] cloud-init[988]: |     . oo=+ ..   |
[   13.446978] cloud-init[988]: |      .+oo.+ o.o.|
[   13.447489] cloud-init[988]: |      o.S o o o.=|
[   13.447935] cloud-init[988]: |     . ..oo+ o.+o|
[   13.448696] cloud-init[988]: |      +..+o.+E.+o|
[   13.449219] cloud-init[988]: |     o.+O. o.....|
[   13.449466] cloud-init[988]: |    . +*.o    .  |
[   13.449840] cloud-init[988]: +----[SHA256]-----+
[   13.450133] cloud-init[988]: Generating public/private ed25519 key pair.
[   13.450603] cloud-init[988]: Your identification has been saved in /etc/ssh/ssh_host_ed25519_key.
[   13.451139] cloud-init[988]: Your public key has been saved in /etc/ssh/ssh_host_ed25519_key.pub.
[   13.451625] cloud-init[988]: The key fingerprint is:
[   13.452189] cloud-init[988]: SHA256:L2ehX9CDhMHiTPOEM/C7w6yEvSpbo71XSlKaxE856to root@ubuntu-bionic
[   13.452443] cloud-init[988]: The key's randomart image is:
[   13.452963] cloud-init[988]: +--[ED25519 256]--+
[   13.453479] cloud-init[988]: |    .. o.        |
[   13.454097] cloud-init[988]: |     .B oo       |
[   13.454821] cloud-init[988]: | .   =.B. .      |
[   13.455335] cloud-init[988]: |  o = o... o     |
[   13.455865] cloud-init[988]: | . B .. S + o    |
[   13.456420] cloud-init[988]: |  =ooo.. o o .   |
[   13.456799] cloud-init[988]: | .+ooo= o + .    |
[   13.457359] cloud-init[988]: |.=.ooo . = .     |
[   13.457907] cloud-init[988]: |++E+o     .      |
[   13.458162] cloud-init[988]: +----[SHA256]-----+
[[0;32m  OK  [0m] Reached target Network is Online.
[[0;32m  OK  [0m] Reached target Remote File Systems (Pre).
[[0;32m  OK  [0m] Reached target Remote File Systems.
         Starting Availability of block devices...
[[0;32m  OK  [0m] Reached target System Initialization.
[[0;32m  OK  [0m] Started Ubuntu Advantage Timer for running repeated jobs.
[[0;32m  OK  [0m] Started Daily apt download activities.
[[0;32m  OK  [0m] Listening on Open-iSCSI iscsid Socket.
[[0;32m  OK  [0m] Started Message of the Day.
[[0;32m  OK  [0m] Listening on ACPID Listen Socket.
         Starting Socket activation for snappy daemon.
[[0;32m  OK  [0m] Started Daily Cleanup of Temporary Directories.
[[0;32m  OK  [0m] Started Daily apt upgrade and clean activities.
[[0;32m  OK  [0m] Listening on cloud-init hotplug hook socket.
[[0;32m  OK  [0m] Listening on D-Bus System Message Bus Socket.
[[0;32m  OK  [0m] Listening on UUID daemon activation socket.
[[0;32m  OK  [0m] Started ACPI Events Check.
[[0;32m  OK  [0m] Reached target Paths.
[[0;32m  OK  [0m] Started Discard unused blocks once a week.
[[0;32m  OK  [0m] Reached target Timers.
         Starting LXD - unix socket.
[[0;32m  OK  [0m] Reached target Cloud-config availability.
[[0;32m  OK  [0m] Started Availability of block devices.
[[0;32m  OK  [0m] Listening on Socket activation for snappy daemon.
[[0;32m  OK  [0m] Listening on LXD - unix socket.
[[0;32m  OK  [0m] Reached target Sockets.
[[0;32m  OK  [0m] Reached target Basic System.
         Starting LXD - container startup/shutdown...
[[0;32m  OK  [0m] Started irqbalance daemon.
[[0;32m  OK  [0m] Started Regular background program processing daemon.
[[0;32m  OK  [0m] Started Deferred execution scheduler.
         Starting System Logging Service...
         Starting Dispatcher daemon for systemd-networkd...
         Starting LSB: automatic crash report generation...
         Starting Snap Daemon...
         Starting Accounts Service...
         Starting LSB: Record successful boot for GRUB...
         Starting Permit User Sessions...
[[0;32m  OK  [0m] Started D-Bus System Message Bus.
[[0;32m  OK  [0m] Reached target Login Prompts (Pre).
         Starting Virtualbox guest utils...
         Starting Pollinate to seed the pseudo random number generator...
[[0;32m  OK  [0m] Started FUSE filesystem for LXC.
         Starting Login Service...
[[0;32m  OK  [0m] Started System Logging Service.
[[0;32m  OK  [0m] Started LXD - container startup/shutdown.
[[0;32m  OK  [0m] Started Permit User Sessions.
         Starting Terminate Plymouth Boot Screen...
         Starting Hold until boot process finishes up...
[[0;32m  OK  [0m] Started Hold until boot process finishes up.
[[0;32m  OK  [0m] Started Serial Getty on ttyS0.
         Starting Set console scheme...
[[0;32m  OK  [0m] Started Terminate Plymouth Boot Screen.
[[0;32m  OK  [0m] Started LSB: automatic crash report generation.
[[0;32m  OK  [0m] Started Set console scheme.
[[0;32m  OK  [0m] Started Login Service.
[[0;32m  OK  [0m] Started Unattended Upgrades Shutdown.
[[0;32m  OK  [0m] Created slice system-getty.slice.
[[0;32m  OK  [0m] Started Getty on tty1.
[[0;32m  OK  [0m] Reached target Login Prompts.
         Starting Authorization Manager...
[[0;32m  OK  [0m] Started Dispatcher daemon for systemd-networkd.
[[0;32m  OK  [0m] Started Authorization Manager.
[[0;32m  OK  [0m] Started Accounts Service.
[[0;32m  OK  [0m] Started LSB: Record successful boot for GRUB.
[[0;32m  OK  [0m] Started Virtualbox guest utils.
[[0;32m  OK  [0m] Started Snap Daemon.
         Starting Wait until snapd is fully seeded...
[[0;32m  OK  [0m] Started Pollinate to seed the pseudo random number generator.
         Starting OpenBSD Secure Shell server...
[[0;32m  OK  [0m] Started OpenBSD Secure Shell server.
         Starting Time & Date Service...
[[0;32m  OK  [0m] Started Time & Date Service.
[[0;32m  OK  [0m] Created slice User Slice of vagrant.
         Starting User Manager for UID 1000...
[[0;32m  OK  [0m] Started Session 1 of user vagrant.
[[0;32m  OK  [0m] Started User Manager for UID 1000.
[[0;32m  OK  [0m] Started Wait until snapd is fully seeded.
         Starting Apply the settings specified in cloud-config...
[   18.030681] cloud-init[1668]: Cloud-init v. 23.1.2-0ubuntu0~18.04.1 running 'modules:config' at Sun, 01 Dec 2024 03:15:04 +0000. Up 17.66 seconds.
[[0;32m  OK  [0m] Started Apply the settings specified in cloud-config.
[[0;32m  OK  [0m] Reached target Multi-User System.
[[0;32m  OK  [0m] Reached target Graphical Interface.
         Starting Update UTMP about System Runlevel Changes...
         Starting Execute cloud user/final scripts...
[[0;32m  OK  [0m] Started Update UTMP about System Runlevel Changes.
ci-info: no authorized SSH keys fingerprints found for user ubuntu.
<14>Dec  1 03:15:06 cloud-init: #############################################################
<14>Dec  1 03:15:06 cloud-init: -----BEGIN SSH HOST KEY FINGERPRINTS-----
<14>Dec  1 03:15:06 cloud-init: 1024 SHA256:2vnSoE1RFtSuUHxWSr4MrCNXLgUw1zEXyFTSTN7pJmU root@ubuntu-bionic (DSA)
<14>Dec  1 03:15:06 cloud-init: 256 SHA256:u5g3Y2aJizVJ/QFaly/xj4b3RQjf1j6ZUgDKeCP4n30 root@ubuntu-bionic (ECDSA)
<14>Dec  1 03:15:06 cloud-init: 256 SHA256:L2ehX9CDhMHiTPOEM/C7w6yEvSpbo71XSlKaxE856to root@ubuntu-bionic (ED25519)
<14>Dec  1 03:15:06 cloud-init: 2048 SHA256:4aJWcblpIaIE+A7P588fuAWBu4xvWPlY3xprIszTOz8 root@ubuntu-bionic (RSA)
<14>Dec  1 03:15:06 cloud-init: -----END SSH HOST KEY FINGERPRINTS-----
<14>Dec  1 03:15:06 cloud-init: #############################################################
-----BEGIN SSH HOST KEY KEYS-----
ecdsa-sha2-nistp256 AAAAE2VjZHNhLXNoYTItbmlzdHAyNTYAAAAIbmlzdHAyNTYAAABBBLKAbLnA4E06IQa3wmzjh0nUF2xPmCEgWzcwNtjYwdo4813U7rUidMse1A4PKgaCHizPNSqVPhE5sA3M7g7D+u8= root@ubuntu-bionic
ssh-ed25519 AAAAC3NzaC1lZDI1NTE5AAAAIDGNTfPWeqKoZNge1FVGsjNYcPg9NPMZuNvxX9lIL3ou root@ubuntu-bionic
ssh-rsa AAAAB3NzaC1yc2EAAAADAQABAAABAQCuUayXxtA1V686Xud7YlwWMkXEBT02GeuIW3pDqRI8WkpsS7p8zRjdAFUVq9p0CSpen1hZ3zraRig1lUa7QOSestr0isu8jvY4rRrvrkjJMHlUewsi54G9sszuXPscoWcLt3VVCTSVtRJHCWwMT4heUZjPYg/1AcjFQDWvZgBK2J1ksEe2Tals+MkmbunaFd2F96xE3Xi/zW7ZX4WcaHR6g4qlTvl7LvGiH3GTJhmyaAHojSBn956LTe4FRYIpKqcepYKOYycZYkVoEz0ttQT1quEiqy4CE2ksyFnr9RkD7ZcvPWSnRkbqlIPGjVX4oqKVZWwml1jRrYB+LmdibxeZ root@ubuntu-bionic
-----END SSH HOST KEY KEYS-----
[   19.287876] cloud-init[1763]: Cloud-init v. 23.1.2-0ubuntu0~18.04.1 running 'modules:final' at Sun, 01 Dec 2024 03:15:05 +0000. Up 18.95 seconds.
[   19.288164] cloud-init[1763]: Cloud-init v. 23.1.2-0ubuntu0~18.04.1 finished at Sun, 01 Dec 2024 03:15:06 +0000. Datasource DataSourceNoCloud [seed=/dev/sdb][dsmode=net].  Up 19.27 seconds

Ubuntu 18.04.6 LTS ubuntu-bionic ttyS0

ubuntu-bionic login: 